
Testing dangerous import blocking (os)...
python : ERROR:agents.agen
t_registry:Failed to 
import module tests.temp_s
ecurity.hacker_agent: 
Security Alert: Agent 
imports illegal module 
'os'
At line:1 char:1
+ python -u c:\Users\galan
\potion\agent_forge_mvp\te
sts\test_security.p ...
+ ~~~~~~~~~~~~~~~~~~~~~~~~
~~~~~~~~~~~~~~~~~~~~~~~~~~
~~~~~~~~~~~~~~~~~~~
    + CategoryInfo        
      : NotSpecified: (E  
  RROR:agents.ag...gal    
 module 'os':String) [    
], RemoteException
    + FullyQualifiedError 
   Id : NativeCommandErr  
  or
 
Caught expected security error: Security Alert: Agent imports illegal module 'os'

Testing dangerous import blocking (subprocess)...
.ERROR:agents.agent_regist
ry:Failed to import 
module tests.temp_security
.subprocess_agent: 
Security Alert: Agent 
imports illegal module 
'subprocess'
Caught expected security error: Security Alert: Agent imports illegal module 'subprocess'
.
DEBUG: Starting 
_timeout_protection_async
DEBUG: Import successful
DEBUG: Loaded agent_cls: 
<class 'tests.temp_securit
y.infinite_agent.InfiniteL
oopAgent'>
INFO:Agent.loop_bot:Agent 
loop_bot starting...
E
==========================
==========================
==================
ERROR: 
test_timeout_protection (_
_main__.TestSecurity.test_
timeout_protection)
--------------------------
--------------------------
------------------
Traceback (most recent 
call last):
  File "c:\Users\galan\pot
ion\agent_forge_mvp\tests\
test_security.py", line 
132, in 
test_timeout_protection
    asyncio.run(self._time
out_protection_async())
    ~~~~~~~~~~~^^^^^^^^^^^
^^^^^^^^^^^^^^^^^^^^^^^
  File "C:\Python314\Lib\a
syncio\runners.py", line 
204, in run
    return 
runner.run(main)
           
~~~~~~~~~~^^^^^^
  File "C:\Python314\Lib\a
syncio\runners.py", line 
127, in run
    return self._loop.run_
until_complete(task)
           ~~~~~~~~~~~~~~~
~~~~~~~~~~~~~~^^^^^^
  File "C:\Python314\Lib\a
syncio\base_events.py", 
line 719, in 
run_until_complete
    return future.result()
           ~~~~~~~~~~~~~^^
  File "c:\Users\galan\pot
ion\agent_forge_mvp\tests\
test_security.py", line 
100, in 
_timeout_protection_async
    await agent.start()
  File "c:\Users\galan\pot
ion\agent_forge_mvp\agents
\base_agent.py", line 44, 
in start
    await 
self.setup_memory() # 
Ensure memory is ready
    
^^^^^^^^^^^^^^^^^^^^^^^^^
TypeError: 'NoneType' 
object can't be awaited

--------------------------
--------------------------
------------------
Ran 3 tests in 0.196s

FAILED (errors=1)
